Starting OrangeFox Recovery R11.3_1 [TB128FU, core: R11.3] (built on Thu Dec  4 02:52:20 2025 for TB128FU [dev_ver: 2025-11-20 (41583f9c)]; pid 405)
RECOVERY_SDCARD_ON_DATA := true
TW_NO_CPU_TEMP := true
TW_NO_USB_STORAGE := true
TW_HAS_EDL_MODE := true
PRODUCT_USE_DYNAMIC_PARTITIONS := true
TW_INCLUDE_CRYPTO := true
I:TW_BRIGHTNESS_PATH := /sys/class/backlight/panel0-backlight/brightness
I:Found brightness file at '/sys/class/backlight/panel0-backlight/brightness'
I:TWFunc::Set_Brightness: Setting brightness control to 200
I:TW_EXCLUDE_ENCRYPTED_BACKUPS := true
I:LANG: en
I:AB_OTA_UPDATER := true
boot command: bootonce-bootloader
I:Startup Commands: 
=> Linking mtab
=> Processing /etc/recovery.fstab
I:Reading /etc/twrp.flags
I:Reading /etc/recovery.fstab
I:Processing '/system'
I:Created '/system_root' folder.
I:Unhandled flag: 'avb=vbmeta_system'
I:Unhandled flag: 'first_stage_mount'
I:Unhandled flag: 'avb_keys=/avb/q-gsi.avbpubkey:/avb/r-gsi.avbpubkey:/avb/s-gsi.avbpubkey'
I:Trying to prepare system from super partition
I:Symlinking /dev/block/dm-1 => /dev/block/bootdevice/by-name/system 
I:Symlinking /dev/block/dm-1 => /dev/block/by-name/system 
I:Processing '/system_ext'
I:Unhandled flag: 'avb=vbmeta_system'
I:Unhandled flag: 'first_stage_mount'
I:Trying to prepare system_ext from super partition
I:Symlinking /dev/block/dm-2 => /dev/block/bootdevice/by-name/system_ext 
I:Symlinking /dev/block/dm-2 => /dev/block/by-name/system_ext 
I:Processing '/vendor'
I:Unhandled flag: 'avb'
I:Unhandled flag: 'first_stage_mount'
I:Trying to prepare vendor from super partition
I:Symlinking /dev/block/dm-3 => /dev/block/bootdevice/by-name/vendor 
I:Symlinking /dev/block/dm-3 => /dev/block/by-name/vendor 
I:Processing '/product'
I:Unhandled flag: 'avb=vbmeta_system'
I:Unhandled flag: 'first_stage_mount'
I:Trying to prepare product from super partition
I:Symlinking /dev/block/dm-0 => /dev/block/bootdevice/by-name/product 
I:Symlinking /dev/block/dm-0 => /dev/block/by-name/product 
I:Processing '/metadata'
I:Unhandled flag: 'first_stage_mount'
I:Processing '/data'
I:Unhandled flag: 'latemount'
I:Unhandled flag: 'reservedsize=128M'
I:FBE contents 'aes-256-xts', filenames 'aes-256-cts:v2+inlinecrypt_optimized+wrappedkey_v0'
I:Metadata contents 'aes-256-xts', filenames 'wrappedkey_v0'
I:setting Key_Directory to: /metadata/vold/metadata_encryption
I:Unhandled flag: 'sysfs_path=/sys/devices/platform/soc/4744000.sdhci'
I:Unhandled flag: 'checkpoint=fs'
I:FBE contents 'aes-256-xts', filenames 'aes-256-cts:v2+inlinecrypt_optimized+wrappedkey_v0'
I:Metadata contents 'aes-256-xts', filenames 'wrappedkey_v0'
I:setting Key_Directory to: /metadata/vold/metadata_encryption
I:Processing '/misc'
I:Processing remaining twrp.flags
I:Processing '/boot'
I:Processing '/cache'
I:Processing '/dsp'
I:Created '/dsp' folder.
I:Processing '/dtbo'
I:Processing '/efs1'
I:Processing '/efs2'
I:Processing '/efsc'
I:Processing '/efsg'
I:Processing '/external_sd'
I:Created '/external_sd' folder.
I:Processing '/persist'
I:Created '/persist' folder.
I:TWFunc::Fixup_Time: Pre-fix date and time: 1970-01-01--05-52-13
I:TWFunc::Fixup_Time: Setting time offset from file /sys/class/rtc/rtc0/since_epoch
I:TWFunc::Fixup_Time: will attempt to use the ats files now.
I:TWFunc::Fixup_Time: Setting time offset from file /persist/time/ats_2, offset 1764800099927
I:TWFunc::Fixup_Time: Date and time corrected: 2025-12-04--04-07-12
I:Processing '/persist_image'
I:Processing '/product_image'
I:Processing '/recovery'
I:Processing '/system_ext_image'
I:Processing '/system_image'
I:Processing '/usb-otg'
I:Created '/usb-otg' folder.
I:Processing '/vbmeta'
I:Processing '/vbmeta_system'
I:Processing '/vendor_image'
I:Setting 'ro.crypto.dm_default_key.options_format.version' to '2' from /vendor/build.prop
I:Setting 'ro.crypto.volume.metadata.method' to 'dm-default-key' from /vendor/build.prop
I:GetFstabPath: /odm/etc/fstab.default
I:GetFstabPath: /vendor/etc/fstab.default
I:Fstab: /vendor/etc/fstab.default
I:Reading /etc/additional.fstab
I:Processing '/metadata'
I:Unhandled flag: 'first_stage_mount'
I:Processing '/data'
I:Unhandled flag: 'latemount'
I:Unhandled flag: 'reservedsize=128M'
I:FBE contents 'aes-256-xts', filenames 'aes-256-cts:v2+inlinecrypt_optimized+wrappedkey_v0'
I:Metadata contents 'aes-256-xts', filenames 'wrappedkey_v0'
I:setting Key_Directory to: /metadata/vold/metadata_encryption
I:Unhandled flag: 'checkpoint=fs'
I:Done processing fstab files
I:Property ro.boot.product.vendor.sku not found, trying to get vintf manifest file name from ro.board.platform
I:Keymaster_Ver::Unable to find vendor manifest on the device. Setting to default value.
I:Keymaster_Ver::Using keymaster version '4.0' for decryption
Starting the UI...
Skipping adf graphics -- not present in build tree
width: 1200, height: 2000
setting DRM_FORMAT_XBGR8888 and GGL_PIXEL_FORMAT_RGBA_8888
setting DRM_FORMAT_XBGR8888 and GGL_PIXEL_FORMAT_RGBA_8888
number of lms in topology 1
Atomic Commit succeedUsing drm graphics.
I:TWFunc::Set_Brightness: Setting brightness control to 200
I:Loading package: splash (/twres/splash.xml)
I:Load XML directly
I:PageManager::LoadFileToBuffer loading filename: '/twres/splash.xml' directly
I:Checking resolution...
I:Scaling theme width 1.111111x and height 1.000000x, offsets x: 0 y: 0 w: 0 h: 0
I:Loading resources...
I:Loading variables...
I:Loading mouse cursor...
I:Loading pages...
I:Loading page splash
I:Switching packages (splash)
I:Setup_Data_Partition::Key_Directory::/metadata/vold/metadata_encryption
I:Setting up '/data' as data/media emulated storage.
I:Adding user-defined path '/data/fonts' to the backup exclusions
I:Setting up '/data' as data/media emulated storage.
I:Adding user-defined path '/data/fonts' to the backup exclusions
I:Not recreating media folder on FBE
I:Apex is disabled in this build
I:Backup folder set to '/data/media/Fox/BACKUPS/HA1NL640'
I:Settings storage is '/data/media'
I:Decrypt_Adopted: skipping adopted storage decryption on Android 12+
Updating partition details...
I:Data backup size is 0MB, free: 105275MB.
...done
/super | /dev/block/by-name/super | Size: 0MB
   Flags: Can_Be_Backed_Up IsPresent Can_Flash_Img 
   Alternate_Block_Device: /dev/block/by-name/super
   Display_Name: super
   Backup_Path: /super
   Backup_Name: super
   Backup_Display_Name: Super (system system_ext vendor product)
   Current_File_System: emmc
   Backup_Method: dd

I:Unmounting main partitions...
I:Loading package: OrangeFox (/twres/ui.xml)
I:Load XML directly
I:PageManager::LoadFileToBuffer loading filename: '/twres/languages/zn_TW.xml' directly
I:PageManager::LoadFileToBuffer loading filename: '/twres/languages/zh_CN.xml' directly
I:PageManager::LoadFileToBuffer loading filename: '/twres/languages/ua.xml' directly
I:PageManager::LoadFileToBuffer loading filename: '/twres/languages/tr.xml' directly
I:PageManager::LoadFileToBuffer loading filename: '/twres/languages/ru.xml' directly
I:PageManager::LoadFileToBuffer loading filename: '/twres/languages/ro.xml' directly
I:PageManager::LoadFileToBuffer loading filename: '/twres/languages/pt_PT.xml' directly
I:PageManager::LoadFileToBuffer loading filename: '/twres/languages/pl.xml' directly
I:PageManager::LoadFileToBuffer loading filename: '/twres/languages/it.xml' directly
I:PageManager::LoadFileToBuffer loading filename: '/twres/languages/id.xml' directly
I:PageManager::LoadFileToBuffer loading filename: '/twres/languages/hu.xml' directly
I:PageManager::LoadFileToBuffer loading filename: '/twres/languages/fr.xml' directly
I:PageManager::LoadFileToBuffer loading filename: '/twres/languages/es-ES.xml' directly
I:PageManager::LoadFileToBuffer loading filename: '/twres/languages/en.xml' directly
I:PageManager::LoadFileToBuffer loading filename: '/twres/languages/el.xml' directly
I:PageManager::LoadFileToBuffer loading filename: '/twres/languages/de.xml' directly
I:PageManager::LoadFileToBuffer loading filename: '/twres/languages/cs.xml' directly
I:PageManager::LoadFileToBuffer loading filename: '/twres/languages/en.xml' directly
parsing languageFile
parsing languageFile done
I:PageManager::LoadFileToBuffer loading filename: '/twres/ui.xml' directly
I:Checking resolution...
I:Scaling theme width 1.111111x and height 1.000000x, offsets x: 0 y: 0 w: 0 h: 0
I:Loading resources...
I:Loading variables...
I:Loading mouse cursor...
I:Loading pages...
I:Including file: /sdcard/Fox/.navbar/navbar.xml...
I:PageManager::LoadFileToBuffer loading filename: '/sdcard/Fox/.navbar/navbar.xml' directly
I:PageManager::LoadFileToBuffer loading filename: '/twres/themes/navbar.xml' directly
I:Loading resources...
I:Loading variables...
I:Loading mouse cursor...
I:Loading pages...
I:Including file: /sdcard/Fox/.theme/font.xml...
I:PageManager::LoadFileToBuffer loading filename: '/sdcard/Fox/.theme/font.xml' directly
I:PageManager::LoadFileToBuffer loading filename: '/twres/themes/font.xml' directly
I:Loading resources...
I:Loading variables...
I:Loading mouse cursor...
I:Loading pages...
I:Including file: /sdcard/Fox/.theme/style.xml...
I:PageManager::LoadFileToBuffer loading filename: '/sdcard/Fox/.theme/style.xml' directly
I:PageManager::LoadFileToBuffer loading filename: '/twres/themes/style.xml' directly
I:Loading resources...
I:Failed to load image from Default/Progress/indeterminate033, error -1
I:Loading variables...
I:Loading mouse cursor...
I:Loading pages...
I:Including file: /sdcard/Fox/.theme/accent.xml...
I:PageManager::LoadFileToBuffer loading filename: '/sdcard/Fox/.theme/accent.xml' directly
I:PageManager::LoadFileToBuffer loading filename: '/twres/themes/accent.xml' directly
I:Loading resources...
I:Loading variables...
I:Loading mouse cursor...
I:Loading pages...
I:Including file: /sdcard/Fox/.theme/action.xml...
I:PageManager::LoadFileToBuffer loading filename: '/sdcard/Fox/.theme/action.xml' directly
I:PageManager::LoadFileToBuffer loading filename: '/twres/themes/action.xml' directly
I:Loading resources...
I:Loading variables...
I:Loading mouse cursor...
I:Loading pages...
I:Including file: /twres/resources/images.xml...
I:PageManager::LoadFileToBuffer loading filename: '/twres/resources/images.xml' directly
I:Loading resources...
I:Loading variables...
I:Loading mouse cursor...
I:Loading pages...
I:Including file: /twres/resources/vars.xml...
I:PageManager::LoadFileToBuffer loading filename: '/twres/resources/vars.xml' directly
I:Loading resources...
I:Loading variables...
I:Loading mouse cursor...
I:Loading pages...
I:Including file: /twres/resources/styles.xml...
I:PageManager::LoadFileToBuffer loading filename: '/twres/resources/styles.xml' directly
I:Loading resources...
I:Loading variables...
I:Loading mouse cursor...
I:Loading pages...
I:Including file: /twres/pages/templates/base.xml...
I:PageManager::LoadFileToBuffer loading filename: '/twres/pages/templates/base.xml' directly
I:Loading resources...
I:Loading variables...
I:Loading mouse cursor...
I:Loading pages...
I:Including file: /twres/pages/templates/keyboard.xml...
I:PageManager::LoadFileToBuffer loading filename: '/twres/pages/templates/keyboard.xml' directly
I:Loading resources...
I:Loading variables...
I:Loading mouse cursor...
I:Loading pages...
I:Including file: /twres/pages/templates/navbar.xml...
I:PageManager::LoadFileToBuffer loading filename: '/twres/pages/templates/navbar.xml' directly
I:Loading resources...
I:Loading variables...
I:Loading mouse cursor...
I:Loading pages...
I:Including file: /twres/pages/templates/statusbar.xml...
I:PageManager::LoadFileToBuffer loading filename: '/twres/pages/templates/statusbar.xml' directly
I:Loading resources...
I:Loading variables...
I:Loading mouse cursor...
I:Loading pages...
I:Including file: /twres/pages/templates/templates.xml...
I:PageManager::LoadFileToBuffer loading filename: '/twres/pages/templates/templates.xml' directly
I:Loading resources...
I:Loading variables...
I:Loading mouse cursor...
I:Loading pages...
I:Including file: /twres/pages/main.xml...
I:PageManager::LoadFileToBuffer loading filename: '/twres/pages/main.xml' directly
I:Loading resources...
I:Loading variables...
I:Loading mouse cursor...
I:Loading pages...
I:Loading page main
I:Loading page navbar
I:Loading page welcome
I:Loading page aroma_busy
I:Loading page fastboot
I:Including file: /twres/pages/pass.xml...
I:PageManager::LoadFileToBuffer loading filename: '/twres/pages/pass.xml' directly
I:Loading resources...
I:Loading variables...
I:Loading mouse cursor...
I:Loading pages...
I:Loading page password_enter
I:Loading page password_enter_num
I:Loading page password_enter_pattern
I:Loading page password_check
I:Loading page pass_pattern
I:Loading page pass_pattern_2
I:Loading page pass_text
I:Loading page pass_text_2
I:Loading page pass_pin
I:Loading page pass_pin_2
I:Loading page pass_remove
I:Loading page pass_check
I:Including file: /twres/pages/install.xml...
I:PageManager::LoadFileToBuffer loading filename: '/twres/pages/install.xml' directly
I:Loading resources...
I:Loading variables...
I:Loading mouse cursor...
I:Loading pages...
I:Loading page flash_confirm
I:Loading page fox_modules_confirm
I:Loading page queueview
I:Loading page flash_image_confirm
I:Loading page flash_image_ab
I:Loading page add_zip
I:Loading page flash_zip
I:Loading page flash_image
I:Loading page flash_done
I:Loading page flash_sleep_and_reboot
I:Loading page flash_image_done
I:Including file: /twres/pages/wipe.xml...
I:PageManager::LoadFileToBuffer loading filename: '/twres/pages/wipe.xml' directly
I:Loading resources...
I:Loading variables...
I:Loading mouse cursor...
I:Loading pages...
I:Loading page wipe
I:Loading page formatdata
I:Loading page formatdata_confirm
I:Loading page wipe_confirm_action
I:Loading page wipe_action_page
I:Loading page wipe_action_complete
I:Loading page checkpartitionlist
I:Loading page partitionoptions
I:Loading page refreshfilesystem
I:Loading page selectfilesystem
I:Loading page part_options
I:Including file: /twres/pages/backup.xml...
I:PageManager::LoadFileToBuffer loading filename: '/twres/pages/backup.xml' directly
I:Loading resources...
I:Loading variables...
I:Loading mouse cursor...
I:Loading pages...
I:Loading page backup
I:Loading page check_storage_back
I:Loading page backup_prep
I:Loading page backupname
I:Loading page backupname_auto
I:Loading page backup_encryption
I:Loading page backup_encryption2
I:Loading page checkbackuppassword
I:Loading page checkbackuppassword2
I:Loading page backup_run
I:Loading page backup_digest
I:Loading page backup_action_complete
I:Including file: /twres/pages/restore.xml...
I:PageManager::LoadFileToBuffer loading filename: '/twres/pages/restore.xml' directly
I:Loading resources...
I:Loading variables...
I:Loading mouse cursor...
I:Loading pages...
I:Loading page restore
I:Loading page restore_prep
I:Loading page restore_read
I:Loading page restore_decrypt
I:Loading page try_restore_decrypt
I:Loading page restore_select
I:Loading page renamebackup
I:Loading page deletebackup
I:Loading page restore_run
I:Loading page restore_confirm_action
I:Loading page restore_action_page
I:Loading page restore_action_complete
I:Including file: /twres/pages/mount.xml...
I:PageManager::LoadFileToBuffer loading filename: '/twres/pages/mount.xml' directly
I:Loading resources...
I:Loading variables...
I:Loading mouse cursor...
I:Loading pages...
I:Loading page mount
I:Loading page usb_mount
I:Loading page system_readonly_check
I:Loading page system_readonly_check_ext_context
I:Loading page system_readonly
I:Loading page system_readonly_mount
I:Loading page decrypt
I:Loading page decrypt_pin
I:Loading page decrypt_pattern
I:Loading page decrypt_redirect
I:Loading page trydecrypt
I:Loading page reapply_settings
I:Loading page decrypt_users
I:Loading page decrypt_users2
I:Including file: /twres/pages/files.xml...
I:PageManager::LoadFileToBuffer loading filename: '/twres/pages/files.xml' directly
I:Loading resources...
I:Loading variables...
I:Loading mouse cursor...
I:Loading pages...
I:Loading page filemanagerlist
I:Loading page file_quick_actions
I:Loading page file_quick_actions_dark
I:Loading page select_path
I:Loading page select_path_dark
I:Loading page files_mkdir
I:Loading page fm_multiselection
I:Loading page fm_ms_actions
I:Loading page file_search
I:Loading page file_dark_search
I:Loading page files_redirect
I:Loading page files_bookmarks_prepare
I:Loading page files_bookmarks
I:Loading page filemanageroptions
I:Loading page openas
I:Loading page fm_file_checksum
I:Loading page fm_file_checksum_calc
I:Loading page fm_file_info
I:Loading page choosedestinationfolder
I:Loading page filemanagerrenamefile
I:Loading page filemanagerrenamefolder
I:Loading page filemanagerchmod
I:Loading page filemanagerchmod_key
I:Loading page filemanagerconfirm
I:Loading page archive_confirm
I:Loading page archive_cmd
I:Loading page filemanageraction
I:Loading page filemanagercomplete
I:Loading page cat_file
I:Including file: /twres/pages/rmmanager.xml...
I:PageManager::LoadFileToBuffer loading filename: '/twres/pages/rmmanager.xml' directly
I:Loading resources...
I:Loading variables...
I:Loading mouse cursor...
I:Loading pages...
I:Loading page modules_mount
I:Loading page modules_unmount
I:Loading page root_modules
I:Unable to open '/data/adb/modules'
I:Unable to open '/data/adb/modules'
I:Loading page module_actions
I:Loading page module_delete
I:Including file: /twres/pages/advanced.xml...
I:PageManager::LoadFileToBuffer loading filename: '/twres/pages/advanced.xml' directly
I:Loading resources...
I:Loading variables...
I:Loading mouse cursor...
I:Loading pages...
I:Loading page advanced
I:Loading page mod_survival
I:Loading page mod_factory_rp
I:Loading page mod_magisk
I:Loading page mod_unmagisk
I:Loading page mod_reset
I:Loading page mod_pass
I:Loading page mod_kernelsu
I:Loading page mod_kernelsu_next
I:Loading page mod_sukisu
I:Loading page fox_modules
I:Loading page partsdcard
I:Loading page terminal
I:Loading page sideload
I:Loading page fixcontexts
I:Loading page apps_load
I:Loading page apps_list
I:Unable to open '/tmp/listapps/list'
I:Unable to open '/tmp/listapps/list'
I:Including file: /twres/pages/reboot.xml...
I:PageManager::LoadFileToBuffer loading filename: '/twres/pages/reboot.xml' directly
I:Loading resources...
I:Loading variables...
I:Loading mouse cursor...
I:Loading pages...
I:Loading page reboot
I:Loading page set_slot
I:Including file: /twres/pages/settings.xml...
I:PageManager::LoadFileToBuffer loading filename: '/twres/pages/settings.xml' directly
I:Loading resources...
I:Loading variables...
I:Loading mouse cursor...
I:Loading pages...
I:Loading page settings
I:Loading page ext_context
I:Loading page ext_general
I:Loading page pass_select
I:Loading page ext_screen
I:Loading page ext_vibrate
I:Loading page ext_backup
I:Loading page ext_time
I:Loading page ext_time_offset
I:Loading page check_zone
I:Loading page ext_time_lang
I:Loading page ext_time_lang_busy
I:Loading page about
I:Loading page about_credits
I:Parsing file: /twres/credits.txt
I:Parsing file: /twres/translators.txt
I:Parsing file: /twres/changelog.txt
I:Loading page ext_gov
I:Loading page ext_backup_quick
I:Including file: /twres/pages/universal.xml...
I:PageManager::LoadFileToBuffer loading filename: '/twres/pages/universal.xml' directly
I:Loading resources...
I:Loading variables...
I:Loading mouse cursor...
I:Loading pages...
I:Loading page filecheck
I:Loading page rebootcheck
I:Loading page rebootcheckoverlay
I:Loading page no_os_warning
I:Loading page clear_vars
I:Loading page confirm_action
I:Loading page action_page
I:Loading page ota_simple
I:Loading page singleaction_page
I:Loading page action_complete
I:Including file: /twres/pages/anywhere.xml...
I:PageManager::LoadFileToBuffer loading filename: '/twres/pages/anywhere.xml' directly
I:Loading resources...
I:Loading variables...
I:Loading mouse cursor...
I:Loading pages...
I:Loading page lock
I:Loading page console
I:Including file: /twres/pages/dialogs.xml...
I:PageManager::LoadFileToBuffer loading filename: '/twres/pages/dialogs.xml' directly
I:Loading resources...
I:Loading variables...
I:Loading mouse cursor...
I:Loading pages...
I:Loading page menu
I:Loading page menu_sort
I:Loading page fm_sort
I:Loading page dialog_magisk_not_found
I:Loading page dialog_modules_cannot_mount
I:Loading page dialog_reset_average
I:Loading page dialog_lost_info
I:Loading page dialog_app
I:Loading page dialog_error_partition
I:Loading page pass_error
I:Loading page dialog_enable_hw_mode
I:Including file: /twres/pages/customization.xml...
I:PageManager::LoadFileToBuffer loading filename: '/twres/pages/customization.xml' directly
I:Loading resources...
I:Loading variables...
I:Loading mouse cursor...
I:Loading pages...
I:Loading page ext_custom_reset
I:Loading page ext_custom_gest
I:Loading page ext_custom
I:Loading page ext_custom_status
I:Loading page ext_custom_key
I:Loading page ext_custom_lock
I:Loading page ext_custom_nav
I:Loading page ext_custom_other
I:Loading page ext_custom_nav_error
I:Loading page ext_custom_nav_no_switch
I:Loading page ext_custom_fonts_check
I:Loading page ext_custom_fonts
I:Loading page ext_custom_fonts_sec
I:Loading page ext_custom_fonts_size
I:Loading page ext_custom_fonts_cn
I:Loading page ext_custom_theme
I:Loading page ext_custom_splash
I:Loading page ext_custom_splash_color
I:Loading page ext_custom_splash_logo
I:Loading page ext_custom_splash_select
I:Loading page apply_changes
I:Loading page apply_splash
I:Loading page get_splash_info
I:Including file: /twres/pages/fox.xml...
I:PageManager::LoadFileToBuffer loading filename: '/twres/pages/fox.xml' directly
I:Loading resources...
I:Loading variables...
I:Loading mouse cursor...
I:Loading pages...
I:Loading page fox_ota
I:Loading page fox_ota_lite
I:Loading page fox_lab
I:Loading page debug_pages
I:Loading page debug
I:Loading page debug_plus
I:Loading page scaling
I:Including file: /sbin/maintainer.xml...
I:PageManager::LoadFileToBuffer loading filename: '/sbin/maintainer.xml' directly
I:PageManager::LoadFileToBuffer loading filename: '/twres/pages/dummy.xml' directly
I:Loading resources...
I:Loading variables...
I:Loading mouse cursor...
I:Loading pages...
I:Loading page maintainer
I:Switching packages (OrangeFox)
ro.boot.memcg=1
ro.boot.cteisn=0123456789ABCDE
ro.boot.logoen=0
ro.boot.otgdis=0
ro.boot.console=ttyMSM0
ro.boot.dtb_idx=8
ro.boot.selinux=permissive
ro.boot.baseband=msm
ro.boot.dtbo_idx=17
ro.boot.hardware=qcom
ro.boot.hwboardid=P89990JA1
ro.boot.keymaster=1
ro.boot.nv_region=PRC
ro.boot.zero_flag=0
ro.boot.bootdevice=4804000.ufshc
ro.boot.chargerdis=0
ro.boot.debug_flag=1
ro.boot.avb_version=1.2
ro.boot.countrycode=ECXX
ro.boot.recoverydis=0
ro.boot.boot_devices=soc/4804000.ufshc
ro.boot.pcbaserialno=01A2B3C4D5E6F7G8H9J0K1L
ro.boot.usbcontroller=4e00000.dwc3
ro.boot.wt_boot_reason=cbl
ro.boot.verifiedbootstate=orange
ro.boot.wt_rollback_version=0
ro.baseband=msm
ro.bootmode=unknown
ro.hardware=qcom
ro.revision=0
ro.bootloader=unknown
ro.boottime.adbd=2280296612
ro.boottime.init=1713513800
ro.boottime.init.selinux=160329114
ro.boottime.init.first_stage=109469792
ro.boottime.init.cold_boot_wait=229
ro.boottime.logd=2255610779
ro.boottime.ueventd=2019505831
ro.boottime.recovery=2274955310
ro.boottime.keystore2=2263922081
ro.boottime.boot-hal-1-1=2272094790
ro.boottime.health-hal-2-1=2277159165
ro.boottime.servicemanager=2260299737
ro.boottime.hwservicemanager=2258559008
ro.boottime.vndservicemanager=2262137185
ro.bootimage.build.date.utc=1764816740
ro.odm.build.date=Thu Dec  4 01:59:21 UTC 2025
ro.odm.build.date.utc=1764813561
ro.odm.build.version.incremental=eng.nobody.20251204.020223
ro.odm.build.fingerprint=Lenovo/fox_TB128FU/TB128FU:16.1.0/SP2A.220405.004/nobody12040159:eng/test-keys
ro.product.odm.name=fox_TB128FU
ro.product.odm.brand=Lenovo
ro.product.odm.model=Lenovo TB128FU
ro.product.odm.device=TB128FU
ro.product.odm.manufacturer=LENOVO
ro.build.id=SP2A.220405.004
ro.build.date=Thu Dec  4 01:59:21 UTC 2025
ro.build.host=android-build
ro.build.tags=test-keys
ro.build.type=eng
ro.build.user=nobody
ro.build.flavor=fox_TB128FU-eng
ro.build.display.id=fox_TB128FU-eng 16.1.0 SP2A.220405.004 eng.nobody.20251204.020223 test-keys
ro.build.product=TB128FU
ro.build.version.sdk=32
ro.build.version.base_os=
ro.build.version.release=16.1.0
ro.build.version.codename=REL
ro.build.version.incremental=eng.nobody.20251204.020223
ro.build.version.preview_sdk=0
ro.build.version.all_codenames=REL
ro.build.version.security_patch=2099-12-31
ro.build.version.release_or_codename=16.1.0
ro.build.version.preview_sdk_fingerprint=REL
ro.build.version.min_supported_target_sdk=23
ro.build.description=fox_TB128FU-eng 16.1.0 SP2A.220405.004 eng.nobody.20251204.020223 test-keys
ro.build.characteristics=default
ro.secure=0
ro.system.build.id=SP2A.220405.004
ro.system.build.date=Thu Dec  4 01:59:21 UTC 2025
ro.system.build.date.utc=1764813561
ro.system.build.tags=test-keys
ro.system.build.type=eng
ro.system.build.version.sdk=32
ro.system.build.version.release=16.1.0
ro.system.build.version.incremental=eng.nobody.20251204.020223
ro.system.build.version.release_or_codename=16.1.0
ro.system.build.fingerprint=Lenovo/fox_TB128FU/TB128FU:16.1.0/SP2A.220405.004/nobody12040159:eng/test-keys
ro.treble.enabled=false
ro.product.cpu.abi=arm64-v8a
ro.product.cpu.abilist=arm64-v8a,armeabi-v7a,armeabi
ro.product.cpu.abilist32=armeabi-v7a,armeabi
ro.product.cpu.abilist64=arm64-v8a
ro.product.name=fox_TB128FU
ro.product.brand=Lenovo
ro.product.build.id=SP2A.220405.004
ro.product.build.date=Thu Dec  4 01:59:21 UTC 2025
ro.product.build.date.utc=1764813561
ro.product.build.tags=test-keys
ro.product.build.type=eng
ro.product.build.version.sdk=32
ro.product.build.version.release=16.1.0
ro.product.build.version.incremental=eng.nobody.20251204.020223
ro.product.build.version.release_or_codename=16.1.0
ro.product.build.fingerprint=Lenovo/fox_TB128FU/TB128FU:16.1.0/SP2A.220405.004/nobody12040159:eng/test-keys
ro.product.model=Lenovo TB128FU
ro.product.device=TB128FU
ro.product.system.name=fox_TB128FU
ro.product.system.brand=Lenovo
ro.product.system.model=Lenovo TB128FU
ro.product.system.device=TB128FU
ro.product.system.manufacturer=LENOVO
ro.product.product.name=fox_TB128FU
ro.product.product.brand=Lenovo
ro.product.product.model=Lenovo TB128FU
ro.product.product.device=TB128FU
ro.product.product.manufacturer=LENOVO
ro.product.system_ext.name=fox_TB128FU
ro.product.system_ext.brand=Lenovo
ro.product.system_ext.model=Lenovo TB128FU
ro.product.system_ext.device=TB128FU
ro.product.system_ext.manufacturer=LENOVO
ro.product.manufacturer=LENOVO
ro.debuggable=1
ro.system_ext.build.id=SP2A.220405.004
ro.system_ext.build.date=Thu Dec  4 01:59:21 UTC 2025
ro.system_ext.build.date.utc=1764813561
ro.system_ext.build.tags=test-keys
ro.system_ext.build.type=eng
ro.system_ext.build.version.sdk=32
ro.system_ext.build.version.release=16.1.0
ro.system_ext.build.version.incremental=eng.nobody.20251204.020223
ro.system_ext.build.version.release_or_codename=16.1.0
ro.system_ext.build.fingerprint=Lenovo/fox_TB128FU/TB128FU:16.1.0/SP2A.220405.004/nobody12040159:eng/test-keys
ro.actionable_compatible_property.enabled=true
ro.vendor.build.id=SP2A.220405.004
ro.vendor.build.date=Thu Dec  4 01:59:21 UTC 2025
ro.vendor.build.date.utc=1764813561
ro.vendor.build.tags=test-keys
ro.vendor.build.type=eng
ro.vendor.build.version.sdk=32
ro.vendor.build.version.release=16.1.0
ro.vendor.build.version.incremental=eng.nobody.20251204.020223
ro.vendor.build.version.release_or_codename=16.1.0
ro.vendor.build.fingerprint=Lenovo/fox_TB128FU/TB128FU:16.1.0/SP2A.220405.004/nobody12040159:eng/test-keys
ro.vendor.product.cpu.abilist=arm64-v8a,armeabi-v7a,armeabi
ro.vendor.product.cpu.abilist32=armeabi-v7a,armeabi
ro.vendor.product.cpu.abilist64=arm64-v8a
ro.product.board=bengal
ro.product.vendor.name=fox_TB128FU
ro.product.vendor.brand=Lenovo
ro.product.vendor.model=Lenovo TB128FU
ro.product.vendor.device=TB128FU
ro.product.vendor.manufacturer=LENOVO
ro.cold_boot_done=true
ro.bionic.arch=arm64
ro.bionic.2nd_arch=arm
ro.bionic.cpu_variant=cortex-a53
ro.bionic.2nd_cpu_variant=cortex-a53
ro.dalvik.vm.native.bridge=0
ro.zygote=zygote64_32
dalvik.vm.isa.arm.variant=cortex-a53
dalvik.vm.isa.arm.features=default
dalvik.vm.isa.arm64.variant=cortex-a53
dalvik.vm.isa.arm64.features=default
dalvik.vm.dexopt.secondary=true
dalvik.vm.dexopt.thermal-cutoff=2
dalvik.vm.usejit=true
dalvik.vm.madvise.artfile.size=4294967295
dalvik.vm.madvise.odexfile.size=104857600
dalvik.vm.madvise.vdexfile.size=104857600
dalvik.vm.lockprof.threshold=500
dalvik.vm.dex2oat-Xms=64m
dalvik.vm.dex2oat-Xmx=512m
dalvik.vm.minidebuginfo=true
dalvik.vm.appimageformat=lz4
dalvik.vm.usejitprofiles=true
dalvik.vm.image-dex2oat-Xms=64m
dalvik.vm.image-dex2oat-Xmx=64m
dalvik.vm.image-dex2oat-filter=extract
dalvik.vm.dex2oat-minidebuginfo=true
dalvik.vm.dex2oat-max-image-block-size=524288
dalvik.vm.dex2oat-resolve-startup-strings=true
dalvik.vm.dex2oat-updatable-bcp-packages-file=/system/etc/updatable-bcp-packages.txt
persist.sys.dalvik.vm.lib.2=libart.so
debug.atrace.tags.enableflags=0
ro.twrp.target.devices=TB-128FU, tb128fu
ro.twrp.fastbootd=0
ro.wifi.channels=
ro.allow.mock.location=1
ro.build.date.utc_fox=1764816740
ro.build.fox_id=2190b6a6-7f30-4763-a0c7-1cda84cbfa6a
ro.build.selinux=1
ro.build.fox_codebase=2025-11-20 (41583f9c)
ro.iorapd.enable=true
ro.kernel.android.checkjni=1
ro.kernel.version=4.19
ro.system.product.cpu.abilist=arm64-v8a,armeabi-v7a,armeabi
ro.system.product.cpu.abilist32=armeabi-v7a,armeabi
ro.system.product.cpu.abilist64=arm64-v8a
ro.product.locale=en-US
ro.bootimage.build.date.utc_fox=1764816740
ro.fastbootd.available=1
ro.orangefox.boot=1
ro.orangefox.boot.header.version=0
ro.orangefox.type=Unofficial
ro.orangefox.build=orangefox
ro.orangefox.release.version=R11.3_1
ro.orangefox.vanilla=1
ro.orangefox.variant=TB128FU
ro.orangefox.virtual_ab=1
ro.postinstall.fstab.prefix=/system
fbe.contents=aes-256-xts
fbe.filenames=aes-256-cts:v2+inlinecrypt_optimized+wrappedkey_v0
twrp.super.symlinks_created=true
fstab.additional=1
metadata.contents=aes-256-xts
metadata.filenames=wrappedkey_v0
orangefox.super.partition=true
orangefox.crash_counter=0
keymaster_ver=4.0
tw_boot_header_version=0
ro.boot.slot_suffix=_a
ro.boot.fstab_suffix=default
ro.boot.dynamic_partitions=true
ro.hwui.use_vulkan=
ro.board.platform=bengal
ro.build.ab_update=true
ro.carrier=unknown
pm.dexopt.ab-ota=speed-profile
pm.dexopt.shared=speed
pm.dexopt.cmdline=verify
pm.dexopt.install=speed-profile
pm.dexopt.inactive=verify
pm.dexopt.bg-dexopt=speed-profile
pm.dexopt.first-boot=extract
pm.dexopt.install-bulk=speed-profile
pm.dexopt.install-fast=skip
pm.dexopt.install-bulk-secondary=verify
pm.dexopt.install-bulk-downgraded=verify
pm.dexopt.install-bulk-secondary-downgraded=extract
ro.build.fingerprint=Lenovo/fox_TB128FU/TB128FU:16.1.0/SP2A.220405.004/eng.nobody.20251204.020223:eng/test-keys
ro.gsid.image_running=0
gsid.image_installed=0
hwservicemanager.ready=true
sys.init.perf_lsm_hooks=1
init.svc.logd=running
init.svc.ueventd=running
init.svc.recovery=running
init.svc.keystore2=running
init.svc.boot-hal-1-1=running
init.svc.health-hal-2-1=running
init.svc.servicemanager=running
init.svc.hwservicemanager=running
init.svc.vndservicemanager=running
init.svc.adbd=restarting
init.svc_debug_pid.adbd=407
init.svc_debug_pid.logd=398
init.svc_debug_pid.ueventd=387
init.svc_debug_pid.recovery=405
init.svc_debug_pid.keystore2=402
init.svc_debug_pid.boot-hal-1-1=404
init.svc_debug_pid.health-hal-2-1=406
init.svc_debug_pid.servicemanager=400
init.svc_debug_pid.hwservicemanager=399
init.svc_debug_pid.vndservicemanager=401
keystore.crash_count=0
log.tag.stats_log=I
ro.logd.size.stats=64K
ro.logd.kernel=true
ro.product.ab_ota_partitions=boot,system,system_ext,vendor,product,vbmeta,vbmeta_system,dtbo
persist.debug.dalvik.vm.core_platform_api_policy=just-warn
pm.dexopt.post-boot=extract
pm.dexopt.boot-after-ota=extract
ro.property_service.version=2
ro.minui.pixel_format=RGBX_8888
ro.minui.overscan_percent=0
ro.boot.serialno=HA1NL640
ro.serialno=HA1NL640
service.adb.root=1
dev.mnt.blk.data=sda
dev.mnt.blk.cache=sda
dev.mnt.blk.vendor=
dev.mnt.blk.persist=
dev.mnt.blk.system_root=
net.bt.name=Android
persist.sys.usb.config=adb
persist.sys.disable_rescue=true
ro.config.ringtone=Ring_Synth_04.ogg
ro.config.alarm_alert=Alarm_Classic.ogg
ro.config.notification_sound=OnTheHunt.ogg
tombstoned.max_tombstone_count=50
persist.traced.enable=1
sys.usb.mtp.device_type=3
sys.usb.config=adb
sys.usb.configfs=1
sys.usb.controller=4e00000.dwc3
ro.odm.build.id=SP2A.220405.004
ro.odm.build.tags=test-keys
ro.odm.build.type=eng
ro.odm.build.version.sdk=32
ro.odm.build.version.release=16.1.0
ro.odm.build.version.release_or_codename=16.1.0
ro.odm.product.cpu.abilist=arm64-v8a,armeabi-v7a,armeabi
ro.odm.product.cpu.abilist32=armeabi-v7a,armeabi
ro.odm.product.cpu.abilist64=arm64-v8a
persist.vendor.qcomsysd.enabled=1
persist.vendor.dpmhalservice.enable=1
ro.vendor.build.security_patch=2099-12-31
ro.virtual_ab.enabled=true
ro.vndk.version=32
ro.crypto.volume.metadata.method=dm-default-key
ro.crypto.volume.filenames_mode=aes-256-cts
ro.crypto.dm_default_key.options_format.version=2
ro.crypto.allow_encrypt_override=true

I:Overriding ro.build.date.utc with value: "0"
I:Overriding ro.bootimage.build.date.utc with value: "0"
I:Overriding ro.vendor.build.date.utc with value: "0"
I:Overriding ro.system.build.date.utc with value: "0"
I:Overriding ro.system_ext.build.date.utc with value: "0"
I:Overriding ro.product.build.date.utc with value: "0"
I:Overriding ro.odm.build.date.utc with value: "0"
I:Unable to override property ro.build.product: property not found in /system/build.prop
I:Overriding ro.build.fingerprint with value: "Lenovo/P89990JA1/TB128FU:13/TKQ1.221013.002/15.0.1_230911:user/release-keys" from property ro.system.build.fingerprint in /system/build.prop
I:Overriding ro.build.version.incremental with value: "TB128FU_CN_OPEN_USER_Q00126_T_ZUI_15.0.348_ST_230911" from property ro.build.version.incremental in /system/build.prop
I:Overriding ro.product.device with value: "qssi" from property ro.product.system.device in /system/build.prop
I:Overriding ro.product.model with value: "Lenovo TB128FU" from property ro.product.system.model in /system/build.prop
I:Unable to override property ro.product.name: property not found in /system/build.prop
I:DEBUG: OrangeFox: running the startup script...
FOX_BUILD_DATE=Thu Dec 4 02:52:20 2025
DEBUG: OrangeFox: FOX_DEVICE=qssi
DEBUG: OrangeFox: FOX_KERNEL=4.19.292-Grass-perf
DEBUG: OrangeFox: SYSTEM_ROOT=1
DEBUG: OrangeFox: PROPER_SAR=1
DEBUG: OrangeFox: FOX_SCRIPT_DATE=20251120
DEBUG: OrangeFox: ANDROID_SDK=30
DEBUG: OrangeFox: INCREMENTAL_VERSION=TB128FU_CN_OPEN_USER_Q00126_T_ZUI_15.0.348_ST_230911
DEBUG: OrangeFox: RELEASE_VERSION=11
DEBUG: OrangeFox: BUILD_FLAVOR=qssi-user
DEBUG: OrangeFox: ROM_FINGERPRINT=Lenovo/P89990JA1/TB128FU:13/TKQ1.221013.002/15.0.1_230911:user/release-keys
DEBUG: OrangeFox: Fox properties:
[orangefox.crash_counter]: [0]
[orangefox.postinit.status]: [1]
[orangefox.product.block_device]: [/dev/block/dm-0]
[orangefox.product.mount_point]: [/product]
[orangefox.product.partition]: [1]
[orangefox.rom.sdk]: [30]
[orangefox.super.block_device]: [/dev/block/by-name/super]
[orangefox.super.mount_point]: [/super]
[orangefox.super.partition]: [true]
[orangefox.system.block_device]: [/dev/block/dm-1]
[orangefox.system.fingerprint]: [Lenovo/P89990JA1/TB128FU:13/TKQ1.221013.002/15.0.1_230911:user/release-keys]
[orangefox.system.incremental]: [TB128FU_CN_OPEN_USER_Q00126_T_ZUI_15.0.348_ST_230911]
[orangefox.system.mount_point]: [/system_root]
[orangefox.system.release]: [11]
[orangefox.vendor.block_device]: [/dev/block/dm-3]
[orangefox.vendor.mount_point]: [/vendor]
[ro.orangefox.boot]: [1]
[ro.orangefox.boot.header.version]: [0]
[ro.orangefox.build]: [orangefox]
[ro.orangefox.home]: [/sdcard/Fox]
[ro.orangefox.kernel]: [4.19.292-Grass-perf]
[ro.orangefox.release.version]: [R11.3_1]
[ro.orangefox.sar]: [1]
[ro.orangefox.settings]: [/sdcard/Fox]
[ro.orangefox.type]: [Unofficial]
[ro.orangefox.vanilla]: [1]
[ro.orangefox.variant]: [TB128FU]
[ro.orangefox.virtual_ab]: [1]
I:Process ended with no errors.
I:- Using the ROM's incremental version (TB128FU_CN_OPEN_USER_Q00126_T_ZUI_15.0.348_ST_230911)
I:- Using the ROM's fingerprint (Lenovo/P89990JA1/TB128FU:13/TKQ1.221013.002/15.0.1_230911:user/release-keys)
I:Process ended with no errors.
copying '/data/misc/keystore/persistent.sqlite' to '/tmp/misc/keystore/persistent.sqlite'
SELinux contexts loaded from /file_contexts
Full SELinux support is present.
I:Switching packages (OrangeFox)


Partition Logs:
/system_root | /dev/block/dm-1 | Size: 5485MB Used: 5468MB Free: 16MB Backup Size: 5468MB
   Flags: Can_Be_Mounted IsPresent SlotSelect Mount_Read_Only Is_Super 
   Primary_Block_Device: /dev/block/dm-1
   Display_Name: System
   Storage_Name: System
   Backup_Path: /system_root
   Backup_Name: system
   Backup_Display_Name: System
   Storage_Path: /system_root
   Current_File_System: ext4
   Fstab_File_System: ext4
   Backup_Method: files
   Mount_Flags: 0, Mount_Options: barrier=1,discard

/system_ext | /dev/block/dm-2 | Size: 373MB Used: 372MB Free: 1MB Backup Size: 372MB
   Flags: Can_Be_Mounted IsPresent SlotSelect Mount_Read_Only Is_Super 
   Primary_Block_Device: /dev/block/dm-2
   Display_Name: System Ext
   Storage_Name: System_EXT
   Backup_Path: /system_ext
   Backup_Name: System_EXT
   Backup_Display_Name: System_EXT
   Storage_Path: /system_ext
   Current_File_System: ext4
   Fstab_File_System: ext4
   Backup_Method: files
   Mount_Flags: 0, Mount_Options: barrier=1,discard

/vendor | /dev/block/dm-3 | Size: 526MB Used: 525MB Free: 1MB Backup Size: 525MB
   Flags: Can_Be_Mounted IsPresent SlotSelect Mount_Read_Only Is_Super 
   Primary_Block_Device: /dev/block/dm-3
   Display_Name: Vendor
   Storage_Name: Vendor
   Backup_Path: /vendor
   Backup_Name: vendor
   Backup_Display_Name: Vendor
   Storage_Path: /vendor
   Current_File_System: ext4
   Fstab_File_System: ext4
   Backup_Method: files
   Mount_Flags: 0, Mount_Options: barrier=1,discard

/product | /dev/block/dm-0 | Size: 493MB Used: 492MB Free: 1MB Backup Size: 492MB
   Flags: Can_Be_Mounted IsPresent SlotSelect Mount_Read_Only Is_Super 
   Primary_Block_Device: /dev/block/dm-0
   Display_Name: Product
   Storage_Name: Product
   Backup_Path: /product
   Backup_Name: Product
   Backup_Display_Name: Product
   Storage_Path: /product
   Current_File_System: ext4
   Fstab_File_System: ext4
   Backup_Method: files
   Mount_Flags: 0, Mount_Options: barrier=1,discard

/misc | /dev/block/sda3 | Size: 1MB
   Flags: IsPresent 
   Primary_Block_Device: /dev/block/sda3
   Display_Name: misc
   Storage_Name: misc
   Backup_Path: /misc
   Backup_Name: misc
   Backup_Display_Name: misc
   Storage_Path: /misc
   Current_File_System: emmc
   Fstab_File_System: emmc
   Backup_Method: dd

/boot | /dev/block/bootdevice/by-name/boot_a | Size: 96MB
   Flags: Can_Be_Backed_Up IsPresent Can_Flash_Img SlotSelect 
   Primary_Block_Device: /dev/block/bootdevice/by-name/boot
   Display_Name: Boot
   Storage_Name: boot
   Backup_Path: /boot
   Backup_Name: boot
   Backup_Display_Name: Boot
   Storage_Path: /boot
   Current_File_System: emmc
   Fstab_File_System: emmc
   Backup_Method: dd

/cache | /dev/block/sda14 | Size: 266MB Used: 0MB Free: 266MB Backup Size: 0MB
   Flags: Can_Be_Mounted Can_Be_Wiped Wipe_During_Factory_Reset Wipe_Available_in_GUI IsPresent 
   Primary_Block_Device: /dev/block/sda14
   Display_Name: Cache
   Storage_Name: Cache
   Backup_Path: /cache
   Backup_Name: cache
   Backup_Display_Name: Cache
   Storage_Path: /cache
   Current_File_System: ext4
   Fstab_File_System: ext4
   Backup_Method: files

/dsp | /dev/block/bootdevice/by-name/dsp_a | Size: 27MB Used: 14MB Free: 12MB Backup Size: 14MB
   Flags: Can_Be_Mounted Can_Be_Wiped Can_Be_Backed_Up IsPresent SlotSelect 
   Primary_Block_Device: /dev/block/bootdevice/by-name/dsp
   Display_Name: DSP
   Storage_Name: DSP
   Backup_Path: /dsp
   Backup_Name: dsp
   Backup_Display_Name: DSP
   Storage_Path: /dsp
   Current_File_System: ext4
   Fstab_File_System: ext4
   Backup_Method: files

/dtbo | /dev/block/bootdevice/by-name/dtbo_a | Size: 24MB
   Flags: Can_Be_Backed_Up IsPresent Can_Flash_Img SlotSelect 
   Primary_Block_Device: /dev/block/bootdevice/by-name/dtbo
   Display_Name: DTBO
   Storage_Name: DTBO
   Backup_Path: /dtbo
   Backup_Name: dtbo
   Backup_Display_Name: DTBO
   Storage_Path: /dtbo
   Current_File_System: emmc
   Fstab_File_System: emmc
   Backup_Method: dd

/efs1 | /dev/block/sdf2 | Size: 3MB
   Flags: Can_Be_Backed_Up Has_SubPartition IsPresent 
   Primary_Block_Device: /dev/block/sdf2
   Display_Name: EFS
   Storage_Name: EFS
   Backup_Path: /efs1
   Backup_Name: efs1
   Backup_Display_Name: EFS
   Storage_Path: /efs1
   Current_File_System: emmc
   Fstab_File_System: emmc
   Backup_Method: dd

/efs2 | /dev/block/sdf3 | Size: 3MB
   Flags: Can_Be_Backed_Up Is_SubPartition IsPresent 
   SubPartition_Of: /efs1
   Primary_Block_Device: /dev/block/sdf3
   Display_Name: efs2
   Storage_Name: efs2
   Backup_Path: /efs2
   Backup_Name: efs2
   Backup_Display_Name: efs2
   Storage_Path: /efs2
   Current_File_System: emmc
   Fstab_File_System: emmc
   Backup_Method: dd

/efsc | /dev/block/sdf5 | Size: 0MB
   Flags: Can_Be_Backed_Up Is_SubPartition IsPresent 
   SubPartition_Of: /efs1
   Primary_Block_Device: /dev/block/sdf5
   Display_Name: efsc
   Storage_Name: efsc
   Backup_Path: /efsc
   Backup_Name: efsc
   Backup_Display_Name: efsc
   Storage_Path: /efsc
   Current_File_System: emmc
   Fstab_File_System: emmc
   Backup_Method: dd

/efsg | /dev/block/sdf4 | Size: 10MB
   Flags: Can_Be_Backed_Up Is_SubPartition IsPresent 
   SubPartition_Of: /efs1
   Primary_Block_Device: /dev/block/sdf4
   Display_Name: efsg
   Storage_Name: efsg
   Backup_Path: /efsg
   Backup_Name: efsg
   Backup_Display_Name: efsg
   Storage_Path: /efsg
   Current_File_System: emmc
   Fstab_File_System: emmc
   Backup_Method: dd

/external_sd | /dev/block/mmcblk0p1 | Size: 30246MB Used: 19471MB Free: 10775MB Backup Size: 19471MB
   Flags: Can_Be_Mounted Can_Be_Wiped Wipe_Available_in_GUI Removable IsPresent Is_Storage 
   Primary_Block_Device: /dev/block/mmcblk0p1
   Display_Name: Micro SD Card
   Storage_Name: Micro SD Card
   Backup_Path: /external_sd
   Backup_Name: external_sd
   Backup_Display_Name: Micro SD Card
   Storage_Path: /external_sd
   Current_File_System: vfat
   Fstab_File_System: auto
   Backup_Method: files
   MTP_Storage_ID: 65537

/persist | /dev/block/sda2 | Size: 26MB Used: 21MB Free: 5MB Backup Size: 21MB
   Flags: Can_Be_Mounted Can_Be_Wiped Can_Be_Backed_Up IsPresent Mount_Read_Only 
   Primary_Block_Device: /dev/block/sda2
   Display_Name: Persist
   Storage_Name: Persist
   Backup_Path: /persist
   Backup_Name: persist
   Backup_Display_Name: Persist
   Storage_Path: /persist
   Current_File_System: ext4
   Fstab_File_System: ext4
   Backup_Method: files

/persist_image | /dev/block/sda2 | Size: 32MB
   Flags: Can_Be_Backed_Up IsPresent 
   Primary_Block_Device: /dev/block/sda2
   Display_Name: Persist
   Storage_Name: Persist
   Backup_Path: /persist_image
   Backup_Name: persist_image
   Backup_Display_Name: Persist
   Storage_Path: /persist_image
   Current_File_System: emmc
   Fstab_File_System: emmc
   Backup_Method: dd

/product_image | /dev/block/dm-0 | Size: 501MB
   Flags: Can_Be_Backed_Up IsPresent Can_Flash_Img 
   Primary_Block_Device: /dev/block/dm-0
   Display_Name: Product
   Storage_Name: Product
   Backup_Path: /product_image
   Backup_Name: product_image
   Backup_Display_Name: Product
   Storage_Path: /product_image
   Current_File_System: emmc
   Fstab_File_System: emmc
   Backup_Method: dd

/recovery | /dev/block/bootdevice/by-name/recovery_a | Size: 96MB
   Flags: Can_Be_Backed_Up IsPresent Can_Flash_Img SlotSelect 
   Primary_Block_Device: /dev/block/bootdevice/by-name/recovery
   Display_Name: Recovery
   Storage_Name: recovery
   Backup_Path: /recovery
   Backup_Name: recovery
   Backup_Display_Name: Recovery
   Storage_Path: /recovery
   Current_File_System: emmc
   Fstab_File_System: emmc
   Backup_Method: dd

/system_ext_image | /dev/block/dm-2 | Size: 379MB
   Flags: Can_Be_Backed_Up IsPresent Can_Flash_Img 
   Primary_Block_Device: /dev/block/dm-2
   Display_Name: System Ext
   Storage_Name: System Ext
   Backup_Path: /system_ext_image
   Backup_Name: system_ext_image
   Backup_Display_Name: System Ext
   Storage_Path: /system_ext_image
   Current_File_System: emmc
   Fstab_File_System: emmc
   Backup_Method: dd

/system_image | /dev/block/dm-1 | Size: 5575MB
   Flags: Can_Be_Backed_Up IsPresent Can_Flash_Img 
   Primary_Block_Device: /dev/block/dm-1
   Display_Name: System
   Storage_Name: System
   Backup_Path: /system_image
   Backup_Name: system_image
   Backup_Display_Name: System
   Storage_Path: /system_image
   Current_File_System: emmc
   Fstab_File_System: emmc
   Backup_Method: dd

/usb-otg |  | Size: 0MB Used: 0MB Free: 0MB Backup Size: 0MB
   Flags: Can_Be_Mounted Can_Be_Wiped Wipe_Available_in_GUI Removable Is_Storage 
   Primary_Block_Device: /dev/block/sdg1
   Display_Name: USB OTG
   Storage_Name: USB OTG
   Backup_Path: /usb-otg
   Backup_Name: usb-otg
   Backup_Display_Name: USB OTG
   Storage_Path: /usb-otg
   Current_File_System: auto
   Fstab_File_System: auto
   Backup_Method: files
   MTP_Storage_ID: 65538

/vbmeta | /dev/block/bootdevice/by-name/vbmeta_a | Size: 0MB
   Flags: Can_Be_Backed_Up IsPresent Can_Flash_Img SlotSelect 
   Primary_Block_Device: /dev/block/bootdevice/by-name/vbmeta
   Display_Name: Vbmeta
   Storage_Name: Vbmeta
   Backup_Path: /vbmeta
   Backup_Name: vbmeta
   Backup_Display_Name: Vbmeta
   Storage_Path: /vbmeta
   Current_File_System: emmc
   Fstab_File_System: emmc
   Backup_Method: dd

/vbmeta_system | /dev/block/bootdevice/by-name/vbmeta_system_a | Size: 0MB
   Flags: Can_Be_Backed_Up IsPresent Can_Flash_Img SlotSelect 
   Primary_Block_Device: /dev/block/bootdevice/by-name/vbmeta_system
   Display_Name: Vbmeta System
   Storage_Name: Vbmeta System
   Backup_Path: /vbmeta_system
   Backup_Name: vbmeta_system
   Backup_Display_Name: Vbmeta System
   Storage_Path: /vbmeta_system
   Current_File_System: emmc
   Fstab_File_System: emmc
   Backup_Method: dd

/vendor_image | /dev/block/dm-3 | Size: 536MB
   Flags: Can_Be_Backed_Up IsPresent Can_Flash_Img 
   Primary_Block_Device: /dev/block/dm-3
   Display_Name: Vendor
   Storage_Name: Vendor
   Backup_Path: /vendor_image
   Backup_Name: vendor_image
   Backup_Display_Name: Vendor
   Storage_Path: /vendor_image
   Current_File_System: emmc
   Fstab_File_System: emmc
   Backup_Method: dd

/metadata | /dev/block/sda10 | Size: 11MB Used: 0MB Free: 11MB Backup Size: 0MB
   Flags: Can_Be_Mounted Can_Be_Wiped Wipe_Available_in_GUI IsPresent 
   Primary_Block_Device: /dev/block/sda10
   Display_Name: Metadata
   Storage_Name: Metadata
   Backup_Path: /metadata
   Backup_Name: metadata
   Backup_Display_Name: Metadata
   Storage_Path: /metadata
   Current_File_System: ext4
   Fstab_File_System: ext4
   Backup_Method: files
   Mount_Flags: 1030, Mount_Options: discard

/data | /dev/block/sda18 | Size: 107046MB Used: 0MB Free: 105275MB Backup Size: 0MB
   Flags: Can_Be_Mounted Can_Be_Wiped Can_Be_Backed_Up Wipe_During_Factory_Reset Wipe_Available_in_GUI IsPresent Can_Be_Encrypted Is_Encrypted Is_Decrypted Has_Data_Media Can_Encrypt_Backup Use_Userdata_Encryption Is_Storage Is_Settings_Storage 
   Symlink_Path: /data/media
   Symlink_Mount_Point: /sdcard
   Primary_Block_Device: /dev/block/sda18
   Display_Name: Data
   Storage_Name: Internal Storage
   Backup_Path: /data
   Backup_Name: data
   Backup_Display_Name: Data
   Storage_Path: /data/media
   Current_File_System: f2fs
   Fstab_File_System: f2fs
   Backup_Method: files
   Mount_Flags: 1030, Mount_Options: discard,reserve_root=32768,resgid=1065,fsync_mode=nobarrier,inlinecrypt
   MTP_Storage_ID: 65539
   Metadata Key Directory: /metadata/vold/metadata_encryption

/super | /dev/block/by-name/super | Size: 0MB
   Flags: Can_Be_Backed_Up IsPresent Can_Flash_Img 
   Alternate_Block_Device: /dev/block/by-name/super
   Display_Name: super
   Backup_Path: /super
   Backup_Name: super
   Backup_Display_Name: Super (system system_ext vendor product)
   Current_File_System: emmc
   Backup_Method: dd

I:Attempt to load settings from settings file...
I:InfoManager file '/data/media/.foxs' not found.
I:Backup folder set to '/data/media/Fox/BACKUPS/HA1NL640'
I:Version number saved to '/cache/recovery/.version'
I:Unable to mount '/usb-otg'
I:Actual block device: '', current file system: 'auto'
I:TWFunc::Set_Brightness: Setting brightness control to 200
I:PassBak: Loaded backup
--------------------------
Welcome to OrangeFox Recovery!
[Release]   : R11.3_1
[Variant]   : TB128FU
[Codebase]  : 32, 2025-11-20 (41583f9c)
[Build date]: Thu Dec  4 02:52:20 2025
[Build type]: Unofficial
[Support]   : No official support for unknown builds

OrangeFox websites:
[Downloads] : https://orangefox.download/
[Guides/FAQ]: https://wiki.orangefox.tech/guides/
--------------------------
I:DEBUG: OrangeFox: the startup script has been executed.
* Storage is not encrypted
* Platform:   bengal
* Display:    qcom,mdss dsi hx83102p boe 2k video
* Device:     qssi (TB128FU)
* Dynamic:    yes
* Boot slot:  _a
* Virtual_AB: yes
* Kernel:     4.19.292-Grass-perf
* Custom ROM (SDK:33, Android 13)
* TB128FU_CN_OPEN_USER_Q00126_T_ZUI_15.0.348_ST_230911
* (TB128FU_CN_OPEN_USER_Q00126_T_ZUI_15.0.348_ST_230911)
* Fingerprint: Lenovo/P89990JA1/TB128FU:13/TKQ1.221013.002/15.0.1_230911:user/release-keys
--------------------------
I:ROM Status: TB128FU_CN_OPEN_USER_Q00126_T_ZUI_15.0.348_ST_230911
I:Themes version mismatch (old='0'; new='1.1')
I:InfoManager saving '/persist/.foxs'
I:Saved settings file values to /persist/.foxs
I:PassBak: Failed to backup
I:InfoManager saving '/data/media/.foxs'
I:Saved settings file values to '/data/media/.foxs'
I:ADB & MTP disabled by maintainer
I:Attempt to load settings from settings file...
I:InfoManager loading from '/data/media/.foxs'.
I:Backup folder set to '/data/media/Fox/BACKUPS/HA1NL640'
I:Version number saved to '/cache/recovery/.version'
I:Unable to mount '/usb-otg'
I:Actual block device: '', current file system: 'auto'
I:TWFunc::Set_Brightness: Setting brightness control to 200
I:PassBak: Loaded backup
I:Unable to mount '/system_root'
I:Actual block device: '/dev/block/dm-1', current file system: 'ext4'
I:Unable to mount '/system_ext'
I:Actual block device: '/dev/block/dm-2', current file system: 'ext4'
I:Unable to mount '/vendor'
I:Actual block device: '/dev/block/dm-3', current file system: 'ext4'
I:Unable to mount '/product'
I:Actual block device: '/dev/block/dm-0', current file system: 'ext4'
I:Starting Adb Backup FIFO
I:PassBak: Loaded backup
I:PageManager::LoadFileToBuffer loading filename: '/twres/languages/en.xml' directly
parsing languageFile
parsing languageFile done
I:Translating partition display names
I:Backup folder set to '/data/media/Fox/BACKUPS/HA1NL640'
I:Switching packages (OrangeFox)
I:Set page: 'main'
I:operation_start: 'Start MTP'
I:[MTP] Starting MTP
I:sending message to add 65537 '/external_sd' 'Micro SDCard'
I:Message sent, add storage ID: 65537 '/external_sd'
I:sending message to add 65539 '/data/media' 'Internal Storage'
I:Message sent, add storage ID: 65539 '/data/media'
I:operation_end - status=0
I:Set overlay: ''
I:operation_start: 'ADB'
I:Set page: 'clear_vars'
I:Set page: 'navbar'
I:Set page: 'filemanagerlist'
I:operation_end - status=0
I:[MTP] created new mtpserver object
E:[MTP] Failed to start usb driver!
I:[MTP] mtppipe add storage 65537 '/external_sd'
I:[MTP] mtppipe add storage 65539 '/data/media'
I:Cannot find file /sys/class/timed_output/vibrator/enable
I:Set page: 'menu'
I:Cannot find file /sys/class/timed_output/vibrator/enable
I:Set page: 'filemanagerlist'
I:Cannot find file /sys/class/timed_output/vibrator/enable
I:Set overlay: 'fm_sort'
I:Cannot find file /sys/class/timed_output/vibrator/enable
I:Set overlay: ''
I:Cannot find file /sys/class/timed_output/vibrator/enable
I:Set page: 'menu'
I:Cannot find file /sys/class/timed_output/vibrator/enable
I:Set page: 'filemanagerlist'
I:Cannot find file /sys/class/timed_output/vibrator/enable
I:Set page: 'menu'
I:Cannot find file /sys/class/timed_output/vibrator/enable
I:Set page: 'filemanagerlist'
I:Cannot find file /sys/class/timed_output/vibrator/enable
I:Set page: 'menu'
I:Cannot find file /sys/class/timed_output/vibrator/enable
I:Set page: 'filemanagerlist'
I:Cannot find file /sys/class/timed_output/vibrator/enable
I:Set page: 'file_dark_search'
I:Set page: 'filemanagerlist'
I:Cannot find file /sys/class/timed_output/vibrator/enable
I:Set page: 'filemanagerlist'
I:Cannot find file /sys/class/timed_output/vibrator/enable
I:Cannot find file /sys/class/timed_output/vibrator/enable
I:Cannot find file /sys/class/timed_output/vibrator/enable
I:Cannot find file /sys/class/timed_output/vibrator/enable
I:Cannot find file /sys/class/timed_output/vibrator/enable
I:Cannot find file /sys/class/timed_output/vibrator/enable
I:Cannot find file /sys/class/timed_output/vibrator/enable
I:Cannot find file /sys/class/timed_output/vibrator/enable
I:Cannot find file /sys/class/timed_output/vibrator/enable
I:Cannot find file /sys/class/timed_output/vibrator/enable
I:Cannot find file /sys/class/timed_output/vibrator/enable
I:Cannot find file /sys/class/timed_output/vibrator/enable
I:Cannot find file /sys/class/timed_output/vibrator/enable
I:Cannot find file /sys/class/timed_output/vibrator/enable
I:Cannot find file /sys/class/timed_output/vibrator/enable
I:Cannot find file /sys/class/timed_output/vibrator/enable
I:Cannot find file /sys/class/timed_output/vibrator/enable
I:Cannot find file /sys/class/timed_output/vibrator/enable
I:Cannot find file /sys/class/timed_output/vibrator/enable
I:Cannot find file /sys/class/timed_output/vibrator/enable
I:Cannot find file /sys/class/timed_output/vibrator/enable
I:Cannot find file /sys/class/timed_output/vibrator/enable
I:Set page: 'files_redirect'
I:Set page: 'filemanageroptions'
I:Set page: 'file_quick_actions_dark'
I:Set page: 'filemanagerlist'
I:Cannot find file /sys/class/timed_output/vibrator/enable
I:Cannot find file /sys/class/timed_output/vibrator/enable
I:Cannot find file /sys/class/timed_output/vibrator/enable
I:Cannot find file /sys/class/timed_output/vibrator/enable
I:Cannot find file /sys/class/timed_output/vibrator/enable
I:Cannot find file /sys/class/timed_output/vibrator/enable
I:Cannot find file /sys/class/timed_output/vibrator/enable
I:Cannot find file /sys/class/timed_output/vibrator/enable
I:Cannot find file /sys/class/timed_output/vibrator/enable
I:Cannot find file /sys/class/timed_output/vibrator/enable
I:Cannot find file /sys/class/timed_output/vibrator/enable
I:Set page: 'advanced'
I:Set page: 'mount'
I:Cannot find file /sys/class/timed_output/vibrator/enable
I:Cannot find file /sys/class/timed_output/vibrator/enable
I:Cannot find file /sys/class/timed_output/vibrator/enable
I:Cannot find file /sys/class/timed_output/vibrator/enable
I:Cannot find file /sys/class/timed_output/vibrator/enable
I:Cannot find file /sys/class/timed_output/vibrator/enable
I:Cannot find file /sys/class/timed_output/vibrator/enable
I:Cannot find file /sys/class/timed_output/vibrator/enable
I:Cannot find file /sys/class/timed_output/vibrator/enable
I:Cannot find file /sys/class/timed_output/vibrator/enable
I:Cannot find file /sys/class/timed_output/vibrator/enable
I:Cannot find file /sys/class/timed_output/vibrator/enable
I:Cannot find file /sys/class/timed_output/vibrator/enable
I:Cannot find file /sys/class/timed_output/vibrator/enable
I:Cannot find file /sys/class/timed_output/vibrator/enable
I:Cannot find file /sys/class/timed_output/vibrator/enable
I:Cannot find file /sys/class/timed_output/vibrator/enable
I:Cannot find file /sys/class/timed_output/vibrator/enable
I:Cannot find file /sys/class/timed_output/vibrator/enable
I:sending message to remove 65537
I:[MTP] mtppipe remove storage 65537
I:Message sent, remove storage ID: 65537
I:Cannot find file /sys/class/timed_output/vibrator/enable
I:sending message to add 65537 '/external_sd' 'Micro SDCard'
I:[MTP] mtppipe add storage 65537 '/external_sd'
I:Message sent, add storage ID: 65537 '/external_sd'
I:Cannot find file /sys/class/timed_output/vibrator/enable
I:Cannot find file /sys/class/timed_output/vibrator/enable
I:Unable to mount '/usb-otg'
I:Actual block device: '', current file system: 'auto'
I:Cannot find file /sys/class/timed_output/vibrator/enable
I:Cannot find file /sys/class/timed_output/vibrator/enable
I:Cannot find file /sys/class/timed_output/vibrator/enable
I:Cannot find file /sys/class/timed_output/vibrator/enable
I:Cannot find file /sys/class/timed_output/vibrator/enable
I:Cannot find file /sys/class/timed_output/vibrator/enable
I:Cannot find file /sys/class/timed_output/vibrator/enable
I:Cannot find file /sys/class/timed_output/vibrator/enable
I:Cannot find file /sys/class/timed_output/vibrator/enable
I:Cannot find file /sys/class/timed_output/vibrator/enable
I:Cannot find file /sys/class/timed_output/vibrator/enable
I:Cannot find file /sys/class/timed_output/vibrator/enable
I:Cannot find file /sys/class/timed_output/vibrator/enable
I:Cannot find file /sys/class/timed_output/vibrator/enable
I:Cannot find file /sys/class/timed_output/vibrator/enable
I:Cannot find file /sys/class/timed_output/vibrator/enable
I:sending message to remove 65537
I:[MTP] mtppipe remove storage 65537
I:Message sent, remove storage ID: 65537
I:Cannot find file /sys/class/timed_output/vibrator/enable
I:Cannot find file /sys/class/timed_output/vibrator/enable
I:Cannot find file /sys/class/timed_output/vibrator/enable
I:Cannot find file /sys/class/timed_output/vibrator/enable
I:Cannot find file /sys/class/timed_output/vibrator/enable
I:Cannot find file /sys/class/timed_output/vibrator/enable
I:Cannot find file /sys/class/timed_output/vibrator/enable
I:operation_start: 'Stop MTP'
E:[MTP] request read returned -1, errno: 5I:Disabling MTP
I:operation_end - status=0
I:Cannot find file /sys/class/timed_output/vibrator/enable
I:operation_start: 'Start MTP'
I:[MTP] Starting MTP
I:sending message to add 65537 '/external_sd' 'Micro SDCard'
I:Message sent, add storage ID: 65537 '/external_sd'
I:sending message to add 65539 '/data/media' 'Internal Storage'
I:Message sent, add storage ID: 65539 '/data/media'
I:operation_end - status=0
I:[MTP] created new mtpserver object
E:[MTP] Failed to start usb driver!
I:[MTP] mtppipe add storage 65537 '/external_sd'
I:[MTP] mtppipe add storage 65539 '/data/media'
I:Cannot find file /sys/class/timed_output/vibrator/enable
I:Set page: 'ext_context'
I:operation_start: 'Toggle System Mount'
I:operation_end - status=0
I:Cannot find file /sys/class/timed_output/vibrator/enable
I:Cannot find file /sys/class/timed_output/vibrator/enable
I:operation_start: 'Toggle System Mount'
I:Unable to mount '/system_root'
I:Actual block device: '/dev/block/dm-1', current file system: 'ext4'
I:Unable to mount '/system_ext'
I:Actual block device: '/dev/block/dm-2', current file system: 'ext4'
I:Unable to mount '/vendor'
I:Actual block device: '/dev/block/dm-3', current file system: 'ext4'
I:Unable to mount '/product'
I:Actual block device: '/dev/block/dm-0', current file system: 'ext4'
I:operation_end - status=1
I:Cannot find file /sys/class/timed_output/vibrator/enable
I:Cannot find file /sys/class/timed_output/vibrator/enable
I:operation_start: 'Toggle System Mount'
I:Unable to mount '/system_root'
I:Actual block device: '/dev/block/dm-1', current file system: 'ext4'
I:Unable to mount '/system_ext'
I:Actual block device: '/dev/block/dm-2', current file system: 'ext4'
I:Unable to mount '/vendor'
I:Actual block device: '/dev/block/dm-3', current file system: 'ext4'
I:Unable to mount '/product'
I:Actual block device: '/dev/block/dm-0', current file system: 'ext4'
I:operation_end - status=1
I:Cannot find file /sys/class/timed_output/vibrator/enable
E:[MTP] request read returned -1, errno: 5I:Reloading input devices
I:Found mouse 'USB OPTICAL MOUSE '
I:Cannot find file /sys/class/timed_output/vibrator/enable
I:Set page: 'mount'
I:Cannot find file /sys/class/timed_output/vibrator/enable
I:Unable to mount '/usb-otg'
I:Actual block device: '', current file system: 'auto'
I:Cannot find file /sys/class/timed_output/vibrator/enable
I:Cannot find file /sys/class/timed_output/vibrator/enable
I:Unable to mount '/usb-otg'
I:Actual block device: '', current file system: 'auto'
I:Cannot find file /sys/class/timed_output/vibrator/enable
I:Unable to mount '/usb-otg'
I:Actual block device: '', current file system: 'auto'
I:Cannot find file /sys/class/timed_output/vibrator/enable
I:Cannot find file /sys/class/timed_output/vibrator/enable
I:Cannot find file /sys/class/timed_output/vibrator/enable
I:Cannot find file /sys/class/timed_output/vibrator/enable
I:TWFunc::Set_Brightness: Setting brightness control to 5
I:TWFunc::Set_Brightness: Setting brightness control to 0
I:TWFunc::Set_Brightness: Setting brightness control to 200
I:Cannot find file /sys/class/timed_output/vibrator/enable
I:Set overlay: ''
I:Cannot find file /sys/class/timed_output/vibrator/enable
I:Set page: 'advanced'
I:Cannot find file /sys/class/timed_output/vibrator/enable
I:Set page: 'settings'
I:Set page: 'ext_screen'
I:Cannot find file /sys/class/timed_output/vibrator/enable
I:TWFunc::Set_Brightness: Setting brightness control to 201
I:TWFunc::Set_Brightness: Setting brightness control to 204
I:TWFunc::Set_Brightness: Setting brightness control to 206
I:TWFunc::Set_Brightness: Setting brightness control to 209
I:TWFunc::Set_Brightness: Setting brightness control to 211
I:TWFunc::Set_Brightness: Setting brightness control to 219
I:TWFunc::Set_Brightness: Setting brightness control to 226
I:TWFunc::Set_Brightness: Setting brightness control to 232
I:TWFunc::Set_Brightness: Setting brightness control to 234
I:TWFunc::Set_Brightness: Setting brightness control to 237
I:TWFunc::Set_Brightness: Setting brightness control to 239
I:TWFunc::Set_Brightness: Setting brightness control to 242
I:TWFunc::Set_Brightness: Setting brightness control to 247
I:TWFunc::Set_Brightness: Setting brightness control to 252
I:TWFunc::Set_Brightness: Setting brightness control to 255
I:TWFunc::Set_Brightness: Setting brightness control to 249
I:TWFunc::Set_Brightness: Setting brightness control to 242
I:TWFunc::Set_Brightness: Setting brightness control to 237
I:TWFunc::Set_Brightness: Setting brightness control to 234
I:TWFunc::Set_Brightness: Setting brightness control to 229
I:TWFunc::Set_Brightness: Setting brightness control to 221
I:TWFunc::Set_Brightness: Setting brightness control to 211
I:TWFunc::Set_Brightness: Setting brightness control to 209
I:TWFunc::Set_Brightness: Setting brightness control to 204
I:TWFunc::Set_Brightness: Setting brightness control to 198
I:TWFunc::Set_Brightness: Setting brightness control to 191
I:TWFunc::Set_Brightness: Setting brightness control to 181
I:TWFunc::Set_Brightness: Setting brightness control to 170
I:TWFunc::Set_Brightness: Setting brightness control to 165
I:TWFunc::Set_Brightness: Setting brightness control to 163
I:TWFunc::Set_Brightness: Setting brightness control to 158
I:TWFunc::Set_Brightness: Setting brightness control to 153
I:TWFunc::Set_Brightness: Setting brightness control to 147
I:TWFunc::Set_Brightness: Setting brightness control to 140
I:TWFunc::Set_Brightness: Setting brightness control to 132
I:TWFunc::Set_Brightness: Setting brightness control to 130
I:TWFunc::Set_Brightness: Setting brightness control to 124
I:TWFunc::Set_Brightness: Setting brightness control to 122
I:TWFunc::Set_Brightness: Setting brightness control to 119
I:TWFunc::Set_Brightness: Setting brightness control to 117
I:TWFunc::Set_Brightness: Setting brightness control to 114
I:TWFunc::Set_Brightness: Setting brightness control to 109
I:TWFunc::Set_Brightness: Setting brightness control to 107
I:TWFunc::Set_Brightness: Setting brightness control to 104
I:TWFunc::Set_Brightness: Setting brightness control to 102
I:TWFunc::Set_Brightness: Setting brightness control to 99
I:TWFunc::Set_Brightness: Setting brightness control to 96
I:TWFunc::Set_Brightness: Setting brightness control to 94
I:TWFunc::Set_Brightness: Setting brightness control to 91
I:TWFunc::Set_Brightness: Setting brightness control to 89
I:TWFunc::Set_Brightness: Setting brightness control to 86
I:TWFunc::Set_Brightness: Setting brightness control to 84
I:TWFunc::Set_Brightness: Setting brightness control to 81
I:TWFunc::Set_Brightness: Setting brightness control to 79
I:TWFunc::Set_Brightness: Setting brightness control to 76
I:TWFunc::Set_Brightness: Setting brightness control to 73
I:TWFunc::Set_Brightness: Setting brightness control to 71
I:TWFunc::Set_Brightness: Setting brightness control to 71
I:Cannot find file /sys/class/timed_output/vibrator/enable
I:Set overlay: 'console'
I:Cannot find file /sys/class/timed_output/vibrator/enable
I:Set overlay: ''
I:Cannot find file /sys/class/timed_output/vibrator/enable
I:Set page: 'settings'
I:Cannot find file /sys/class/timed_output/vibrator/enable
I:Set page: 'advanced'
I:Set page: 'fox_modules'
I:Cannot find file /sys/class/timed_output/vibrator/enable
I:Cannot find file /sys/class/timed_output/vibrator/enable
I:Set page: 'advanced'
I:Cannot find file /sys/class/timed_output/vibrator/enable
I:Set page: 'confirm_action'
I:Cannot find file /sys/class/timed_output/vibrator/enable
I:Cannot find file /sys/class/timed_output/vibrator/enable
I:Cannot find file /sys/class/timed_output/vibrator/enable
I:Cannot find file /sys/class/timed_output/vibrator/enable
I:Backup folder set to '/external_sd/Fox/BACKUPS/HA1NL640'
I:Cannot find file /sys/class/timed_output/vibrator/enable
I:Cannot find file /sys/class/timed_output/vibrator/enable
I:Set page: 'action_page'
I:operation_start: 'Copy Log'
E:[MTP] Mtp send event failed: No such device
E:[MTP] Mtp send event failed: No such device
