Starting OrangeFox Recovery R11.3_1 [TB128FU, core: R11.3] (built on Thu Dec  4 23:01:31 2025 for TB128FU [dev_ver: 2025-11-20 (41583f9c)]; pid 408)
RECOVERY_SDCARD_ON_DATA := true
TW_NO_CPU_TEMP := true
TW_NO_USB_STORAGE := true
TW_HAS_EDL_MODE := true
PRODUCT_USE_DYNAMIC_PARTITIONS := true
TW_INCLUDE_CRYPTO := true
I:TW_BRIGHTNESS_PATH := /sys/class/backlight/panel0-backlight/brightness
I:Found brightness file at '/sys/class/backlight/panel0-backlight/brightness'
I:TWFunc::Set_Brightness: Setting brightness control to 200
I:TW_EXCLUDE_ENCRYPTED_BACKUPS := true
I:LANG: en
I:AB_OTA_UPDATER := true
boot command: boot-recovery
I:Startup Commands: 
=> Linking mtab
=> Processing /etc/recovery.fstab
I:Reading /etc/twrp.flags
I:Reading /etc/recovery.fstab
I:Processing '/system'
I:Created '/system_root' folder.
I:Unhandled flag: 'avb=vbmeta_system'
I:Unhandled flag: 'first_stage_mount'
I:Unhandled flag: 'avb_keys=/avb/q-gsi.avbpubkey:/avb/r-gsi.avbpubkey:/avb/s-gsi.avbpubkey'
I:Trying to prepare system from super partition
I:Symlinking /dev/block/dm-1 => /dev/block/bootdevice/by-name/system 
I:Symlinking /dev/block/dm-1 => /dev/block/by-name/system 
I:Processing '/system_ext'
I:Unhandled flag: 'avb=vbmeta_system'
I:Unhandled flag: 'first_stage_mount'
I:Trying to prepare system_ext from super partition
I:Symlinking /dev/block/dm-2 => /dev/block/bootdevice/by-name/system_ext 
I:Symlinking /dev/block/dm-2 => /dev/block/by-name/system_ext 
I:Processing '/vendor'
I:Unhandled flag: 'avb'
I:Unhandled flag: 'first_stage_mount'
I:Trying to prepare vendor from super partition
I:Symlinking /dev/block/dm-3 => /dev/block/bootdevice/by-name/vendor 
I:Symlinking /dev/block/dm-3 => /dev/block/by-name/vendor 
I:Processing '/product'
I:Unhandled flag: 'avb=vbmeta_system'
I:Unhandled flag: 'first_stage_mount'
I:Trying to prepare product from super partition
I:Symlinking /dev/block/dm-0 => /dev/block/bootdevice/by-name/product 
I:Symlinking /dev/block/dm-0 => /dev/block/by-name/product 
I:Processing '/metadata'
I:Unhandled flag: 'first_stage_mount'
I:Processing '/data'
I:Unhandled flag: 'latemount'
I:Unhandled flag: 'reservedsize=128M'
I:FBE contents 'aes-256-xts', filenames 'aes-256-cts:v2+inlinecrypt_optimized+wrappedkey_v0'
I:Metadata contents 'aes-256-xts', filenames 'wrappedkey_v0'
I:setting Key_Directory to: /metadata/vold/metadata_encryption
I:Unhandled flag: 'sysfs_path=/sys/devices/platform/soc/4744000.sdhci'
I:Unhandled flag: 'checkpoint=fs'
I:FBE contents 'aes-256-xts', filenames 'aes-256-cts:v2+inlinecrypt_optimized+wrappedkey_v0'
I:Metadata contents 'aes-256-xts', filenames 'wrappedkey_v0'
I:setting Key_Directory to: /metadata/vold/metadata_encryption
I:Processing '/misc'
I:Processing remaining twrp.flags
I:Processing '/boot'
I:Processing '/cache'
I:Processing '/dsp'
I:Created '/dsp' folder.
I:Processing '/dtbo'
I:Processing '/efs1'
I:Processing '/efs2'
I:Processing '/efsc'
I:Processing '/efsg'
I:Processing '/external_sd'
I:Created '/external_sd' folder.
I:Processing '/persist'
I:Created '/persist' folder.
I:TWFunc::Fixup_Time: Pre-fix date and time: 1970-01-02--01-38-38
I:TWFunc::Fixup_Time: Setting time offset from file /sys/class/rtc/rtc0/since_epoch
I:TWFunc::Fixup_Time: will attempt to use the ats files now.
I:TWFunc::Fixup_Time: Setting time offset from file /persist/time/ats_2, offset 1694341490347
I:TWFunc::Fixup_Time: Date and time corrected: 2023-09-11--12-03-27
I:Processing '/persist_image'
I:Processing '/product_image'
I:Processing '/recovery'
I:Processing '/system_ext_image'
I:Processing '/system_image'
I:Processing '/usb-otg'
I:Created '/usb-otg' folder.
I:Processing '/vbmeta'
I:Processing '/vbmeta_system'
I:Processing '/vendor_image'
I:Setting 'ro.crypto.dm_default_key.options_format.version' to '2' from /vendor/build.prop
I:Setting 'ro.crypto.volume.metadata.method' to 'dm-default-key' from /vendor/build.prop
I:GetFstabPath: /odm/etc/fstab.default
I:GetFstabPath: /vendor/etc/fstab.default
I:Fstab: /vendor/etc/fstab.default
I:Reading /etc/additional.fstab
I:Processing '/metadata'
I:Unhandled flag: 'first_stage_mount'
I:Processing '/data'
I:Unhandled flag: 'latemount'
I:Unhandled flag: 'reservedsize=128M'
I:FBE contents 'aes-256-xts', filenames 'aes-256-cts:v2+inlinecrypt_optimized+wrappedkey_v0'
I:Metadata contents 'aes-256-xts', filenames 'wrappedkey_v0'
I:setting Key_Directory to: /metadata/vold/metadata_encryption
I:Unhandled flag: 'checkpoint=fs'
I:Done processing fstab files
I:Property ro.boot.product.vendor.sku not found, trying to get vintf manifest file name from ro.board.platform
I:Keymaster_Ver::Unable to find vendor manifest on the device. Setting to default value.
I:Keymaster_Ver::Using keymaster version '4.0' for decryption
Starting the UI...
Skipping adf graphics -- not present in build tree
width: 1200, height: 2000
setting DRM_FORMAT_XBGR8888 and GGL_PIXEL_FORMAT_RGBA_8888
setting DRM_FORMAT_XBGR8888 and GGL_PIXEL_FORMAT_RGBA_8888
number of lms in topology 1
Atomic Commit succeedUsing drm graphics.
I:TWFunc::Set_Brightness: Setting brightness control to 200
I:Loading package: splash (/twres/splash.xml)
I:Load XML directly
I:PageManager::LoadFileToBuffer loading filename: '/twres/splash.xml' directly
I:Checking resolution...
I:Scaling theme width 1.111111x and height 1.000000x, offsets x: 0 y: 0 w: 0 h: 0
I:Loading resources...
I:Loading variables...
I:Loading mouse cursor...
I:Loading pages...
I:Loading page splash
I:Switching packages (splash)
I:Can't probe device /dev/block/sda18
I:Unable to mount '/data'
I:Actual block device: '/dev/block/sda18', current file system: 'f2fs'
I:Setting up '/data' as data/media emulated storage.
I:Can't probe device /dev/block/sda18
I:Unable to mount '/data'
I:Actual block device: '/dev/block/sda18', current file system: 'f2fs'
I:Adding user-defined path '/data/fonts' to the backup exclusions
I:Apex is disabled in this build
I:Backup folder set to '/data/media/Fox/BACKUPS/HA1NL640'
I:Settings storage is '/data/media'
Using additional fstab for decryption /etc/additional.fstab 
I:prepdecrypt::File Based Encryption (FBE) is present.
I:prepdecrypt::SETPATCH=false
I:prepdecrypt::crypto.ready=1
I:prepdecrypt::Script complete. Device ready for decryption.
